Checking for deprecated package usage... OK
Checking for remote package usage... OK
Checking for 'LazyData: true' usage... OK
Checking version number... OK
Checking for version number mismatch... OK
Checking version number validity...
y of x.y.z version should be even in release
Checking R version dependency... OK
Checking package size... OK
Checking individual file sizes... OK
Checking biocViews... OK
Checking that biocViews are present... OK
Checking package type based on biocViews... OK
Checking for non-trivial biocViews... OK
Checking that biocViews come from the same category... OK
Checking biocViews validity... OK
Checking for recommended biocViews... OK
Checking build system compatibility... OK
Checking for proper Description: field... OK
Checking if DESCRIPTION is well formatted... OK
Checking for whitespace in DESCRIPTION field names... OK
Checking that Package field matches directory/tarball name... OK
Checking for Version: field... OK
Checking License: for restrictive use... OK
Checking for recommended DESCRIPTION fields... OK
Checking for Bioconductor software dependencies... OK
Checking for pinned package versions in DESCRIPTION... OK
Checking for 'fnd' role in Authors@R...
No 'fnd' role found in Authors@R. If the work is supported
        by a grant, consider adding the 'fnd' role to the list of authors.
Checking NAMESPACE... OK
Checking .Rbuildignore... OK
Checking for stray BiocCheck output folders... OK
Checking vignette directory... OK
Checking package installation calls in R code... OK
Checking for library/require of DebarcodeR... OK
Checking coding practice...
 Avoid 1:...; use seq_len() or seq_along()
Found in files:
doRegressContrained.R (line 58, column 28)
doRegressContrained.R (line 59, column 30)
doRegressContrained.R (line 62, column 28)
doRegressContrained.R (line 63, column 30)
doRegressContrained.R (line 92, column 32)
doRegressContrained.R (line 93, column 35)
doRegressContrained.R (line 250, column 13)
doRegressContrained.R (line 251, column 15)
doRegressContrained.R (line 261, column 13)
doRegressContrained.R (line 262, column 15)
 Avoid using '=' for assignment and use '<-' instead
Found in files:
R/doRegressContrained.R (line 221, column 5)
Checking parsed R code in R directory, examples, vignettes...
Avoid 'suppressWarnings'/'*Messages' if possible (found 3 times)
suppressWarnings() in R/apply_platemap.R (line 76, column 23)
suppressMessages() in R/apply_platemap.R (line 63, column 3)
suppressMessages() in R/apply_platemap.R (line 76, column 5)
Checking function lengths...
The recommended function length is 50 lines or less. There are 9 functions greater than 50 lines.
The longest 5 functions are:
morphology_corr() (R/morphology_corr_master.R): 189 lines
em_optimize() (R/em_optimize.R): 155 lines
constrained_regression() (R/doRegressContrained.R): 147 lines
doRegressConstrained() (R/doRegressContrained.R): 110 lines
deskew_fcbFlowFrame() (R/deskew_fcbFlowFrame.R):  93 lines
Checking man page documentation...
Usage of dontrun{} / donttest{} tags found in man page examples. 3% of man pages use at least one of these tags.
Found in files:
plot.fcbflowframe.Rd
Checking package NEWS... OK
Checking unit tests... OK
Checking skip_on_bioc() in tests... OK
Checking formatting of DESCRIPTION, NAMESPACE, man pages, R source, and vignette source...
Consider shorter lines; 99 lines (4%) are > 80 characters long.
First few lines:
R/apply_platemap.R#L41 #'                             formatC(r ...
R/apply_platemap.R#L58   platemap_clean <- dplyr::mutate(platem ...
R/apply_platemap.R#L82       pData.new <- dplyr::mutate(pData.n ...
R/apply_platemap.R#L90     pData(out.fs)$Prefix <- tools::file_ ...
R/apply_platemap.R#L94   pData(out.fs)$Filename <- apply(pData( ...
R/assign_fcbFlowFrame.R#L21 #'   channel. Assigned level values are  ...
R/assign_fcbFlowFrame.R#L45   probs <- get_barcode_data(fcbFlowFrame ...
R/assign_fcbFlowFrame.R#L63     classif[which(is.na(classif))] <- un ...
R/assign_fcbFlowFrame.R#L68    # print(paste0(round(sum(apply(likely ...
R/assign_fcbFlowFrame.R#L77     classif.ls <- data.table::tstrsplit( ...
R/assign_fcbFlowFrame.R#L103 #' @seealso \code{\link{calculate.likeli ...
R/assign_fcbFlowFrame.R#L113 #' Column-normalizes the probability mat ...
R/assign_fcbFlowSet.R#L5 #' @param fcbFlowSet An fcbFlowSet objec ...
R/assign_fcbFlowSet.R#L7 #' @param likelihoodcut Numeric, a likel ...
R/assign_fcbFlowSet.R#L8 #'   Cells less than \code{1/likelihoodc ...
R/cluster_fcbFlowFrame.R#L36 #'This function allows you to calculate  ...
R/cluster_fcbFlowFrame.R#L39 #' @param fcbFlowFrame An fcbFlowFrame o ...
R/cluster_fcbFlowFrame.R#L41 #' @param levels Integer, the number of  ...
R/cluster_fcbFlowFrame.R#L86 cluster_fcbFlowFrame <- function(fcbFlow ...
R/cluster_fcbFlowFrame.R#L89                        opt = "mixture",  ...
R/cluster_fcbFlowFrame.R#L90                        dist = NULL, #for ...
R/cluster_fcbFlowFrame.R#L117       mod.int <- classInt::classInterval ...
R/cluster_fcbFlowFrame.R#L129                                          ...
R/cluster_fcbFlowFrame.R#L130                                          ...
R/cluster_fcbFlowFrame.R#L154     if (length(manbreaks) != (levels + 1 ...
R/cluster_fcbFlowFrame.R#L162   fcbFlowFrame <- set_barcode_data(fcbFl ...
R/cluster_fcbFlowSet.R#L3 #'This function allows you to calculate  ...
R/cluster_fcbFlowSet.R#L6 #' @param fcbFlowSet An fcbFlowSet objec ...
R/cluster_fcbFlowSet.R#L8 #' @param levels Integer, the number of  ...
R/cluster_fcbFlowSet.R#L45 cluster_fcbFlowSet <- function(fcbFlowSe ...
R/cluster_fcbFlowSet.R#L48                        opt = "mixture",  ...
R/cluster_fcbFlowSet.R#L49                        dist = NULL, #for ...
R/deskew_fcbFlowFrame.R#L3 #' @param fcbFlowFrame An fcbFlowFrame,  ...
R/deskew_fcbFlowFrame.R#L4 #' @param uptake A flowFrame or cytofram ...
R/deskew_fcbFlowFrame.R#L6 #' @param channel The name (string) of t ...
R/deskew_fcbFlowFrame.R#L7 #' @param method The morphology correcti ...
R/deskew_fcbFlowFrame.R#L9 #' @param subsample Integer, number of c ...
R/deskew_fcbFlowFrame.R#L12 #' @param updateProgress Callback functi ...
R/deskew_fcbFlowFrame.R#L15 #' @return An fcbFlowFrame with barcode  ...
R/deskew_fcbFlowFrame.R#L50   if (inherits(fcbFlowFrame, "cytoframe" ...
R/deskew_fcbFlowSet.R#L8 #' @param method The morphology correcti ...
R/deskew_fcbFlowSet.R#L13 #' @param updateProgress Callback functi ...
R/doRegressContrained.R#L24                                 columns  ...
R/doRegressContrained.R#L137 #' @return numeric vector of length nrow ...
R/doRegressContrained.R#L150 #' @seealso \code{\link{selectDenseScatt ...
R/doRegressContrained.R#L171 #' @return A list with components X (des ...
R/doRegressContrained.R#L173 #' @seealso \code{\link{doRegressConstra ...
R/em_optimize.R#L10 #' @param subsample Numeric, number of c ...
R/em_optimize.R#L13 #' @param shrinkage Numeric, fraction of ...
R/em_optimize.R#L51   assert_fcbFlowFrame(fcbFlowFrame, need ...
R/em_optimize.R#L55 #  bc_initial.df <- as.data.frame(lapply ...
R/em_optimize.R#L57   deskewed_cols <- as.data.frame(lapply( ...
R/em_optimize.R#L59   deskewed_probs  <- lapply(lapply(lappl ...
R/em_optimize.R#L68   deskewed.rep.mat <- kronecker(deskewed ...
R/em_optimize.R#L78   #   deskewed.reps[[names(deskewed.dims ...
R/em_optimize.R#L79   #   deskewed.reps[[names(deskewed.dims ...
R/em_optimize.R#L105   # #str((as.matrix(deskewed_probs$pacif ...
R/em_optimize.R#L113         arg = split(data.frame(mod[c("mu ...
R/em_optimize.R#L119     shrinkage.cl.mat <- mclust::unmap(as ...
R/em_optimize.R#L129 #  bc_initial.f_assigned <- as.factor(ap ...
R/em_optimize.R#L159   mvgmm.cdens <- esEst$parameters$pro *  ...
R/em_optimize.R#L160   mvgmm.tdens <- dens(data = deskewed_co ...
R/em_optimize.R#L163   # # Assignment------------------------ ...
R/em_optimize.R#L174  # new.assignments.l <- data.table::tstr ...
R/em_optimize.R#L186   # fcbFlowFrame@barcodes[['wells']][['a ...
R/em_optimize.R#L187   # fcbFlowFrame@barcodes[['wells']][['a ...
R/em_optimize.R#L192   fcbFlowFrame@barcodes[['wells']][['clu ...
R/em_optimize.R#L194   # fcbFlowFrame@barcodes[['wells']][['a ...
R/fcbFlowFrame.R#L90       pipeline_str <- if (length(state)  ...
R/morphology_corr_earth.R#L53     fcb[,channel] <- fcb[,channel] - pre ...
R/morphology_corr_earth.R#L66     fcb[,channel] <- fcb[,channel] - pre ...
R/morphology_corr_earth.R#L67     fcb[,paste0(channel,"se")]<- predict ...
R/morphology_corr_knignenburg.R#L3 #' Implements the constrained regression ...
R/morphology_corr_knignenburg.R#L14 #' @seealso \code{\link{selectDenseScatt ...
R/morphology_corr_knignenburg.R#L20                                          ...
R/morphology_corr_lm.R#L38   fcb[,channel]<- fcb[,channel] - predic ...
R/morphology_corr_master.R#L9 #' @param method The morphology correcti ...
R/morphology_corr_master.R#L25                             method = c(" ...
R/morphology_corr_master.R#L26                             predictors = ...
R/morphology_corr_master.R#L171 # ggsave('20181031progress.png', myplot, ...
R/morphology_corr_master.R#L191 # ggsave('20181030progress_map.png', myp ...
R/plot-fcbFlowFrame-assignments.R#L7 #' @param plot Character, plot type: "as ...
R/plot-fcbFlowFrame-assignments.R#L39   deskewed <- as.data.frame(lapply(barco ...
R/plot-fcbFlowFrame-assignments.R#L40   assignment <- as.data.frame(lapply(bar ...
R/plot-fcbFlowFrame-assignments.R#L75       stat_density_2d(aes(fill = .data[[ ...
R/selectDenseScatterArea.R#L8 #' @param subsample Integer, number of c ...
R/split_fcbFlowFrame.R#L105             x.list <- fsApply(x, functio ...
R/split_fcbFlowFrame.R#L112             x.split <- mapply(split, x.l ...
R/split_fcbFlowFrame.R#L115             new.cols <- lapply(f, names) ...
R/split_fcbFlowFrame.R#L120               pData.new <- as.data.frame ...
R/split_fcbFlowFrame.R#L141 #' @return An fcbFlowSet with each flowF ...
R/utils-validation.R#L10 #' @param valid_names Character vector o ...
vignettes/debarcoder-tutorial.Rmd#L115 predictors <- c("FSC-A", "SSC-A", "FSC-H ...
vignettes/debarcoder-tutorial.Rmd#L132 ```{r plot-deskew, fig.width = 7, fig.he ...
vignettes/debarcoder-tutorial.Rmd#L167 ```{r plot-cluster, fig.width = 6.5, fig ...
vignettes/debarcoder-tutorial.Rmd#L168 prob_mat <- get_barcode_data(fcb, "Pacif ...
vignettes/debarcoder-tutorial.Rmd#L217 ```{r plot-assign, fig.width = 5.5, fig. ...
vignettes/debarcoder-tutorial.Rmd#L221 well_id <- paste(asgn[["Pacific Blue-A"] ...
vignettes/debarcoder-tutorial.Rmd#L260                             formatC(rep( ...
Consider multiples of 4 spaces for line indents; 795 lines (29%) are not.
First few lines:
R/apply_platemap.R#L49   if (!inherits(fcbFlowSet, "fcbFlowSet" ...
R/apply_platemap.R#L51   } ...
R/apply_platemap.R#L53   if (!inherits(platemap, "data.frame")) ...
R/apply_platemap.R#L55   } ...
R/apply_platemap.R#L57   platemap_clean <- janitor::clean_names ...
R/apply_platemap.R#L58   platemap_clean <- dplyr::mutate(platem ...
R/apply_platemap.R#L60   pData.orig <- pData(fcbFlowSet) ...
R/apply_platemap.R#L61   # Clean pData column names to match cl ...
R/apply_platemap.R#L62   names(pData.orig) <- janitor::make_cle ...
R/apply_platemap.R#L63   suppressMessages({ ...
R/apply_platemap.R#L65   }) ...
R/apply_platemap.R#L66   assigned.fs <- fcbFlowSet[!is.na(pData ...
R/apply_platemap.R#L67   if (drop0 == FALSE) { ...
R/apply_platemap.R#L77       pData_out <- pData(out.fs) ...
R/apply_platemap.R#L78       names(pData_out) <- janitor::make_ ...
R/apply_platemap.R#L79       pData_orig_clean <- pData.orig  #  ...
R/apply_platemap.R#L80       pData.new <- left_join(pData_out,  ...
R/apply_platemap.R#L81       pData.new <- left_join(pData.new,  ...
R/apply_platemap.R#L82       pData.new <- dplyr::mutate(pData.n ...
R/apply_platemap.R#L86   } else { ...
R/apply_platemap.R#L88   } ...
R/apply_platemap.R#L89   if (is.na(prefix)) { ...
R/apply_platemap.R#L91   } else { ...
R/apply_platemap.R#L93   } ...
R/apply_platemap.R#L94   pData(out.fs)$Filename <- apply(pData( ...
R/apply_platemap.R#L95   sampleNames(out.fs) <- pData(out.fs)$F ...
R/apply_platemap.R#L96   return(out.fs) ...
R/assign_fcbFlowFrame.R#L41   assert_fcbFlowFrame(fcbFlowFrame, need ...
R/assign_fcbFlowFrame.R#L43   # Resolve channel name against barcode ...
R/assign_fcbFlowFrame.R#L44   channel <- resolve_channel(channel, na ...
R/assign_fcbFlowFrame.R#L45   probs <- get_barcode_data(fcbFlowFrame ...
R/assign_fcbFlowFrame.R#L46   if (channel == "wells") { ...
R/assign_fcbFlowFrame.R#L48   } ...
R/assign_fcbFlowFrame.R#L49   probs.norm.row <- calculate.ambiguity( ...
R/assign_fcbFlowFrame.R#L50   probs.norm.col <- calculate.likelihood ...
R/assign_fcbFlowFrame.R#L52   classif <- rep(0, nrow(fcbFlowFrame)) ...
R/assign_fcbFlowFrame.R#L54   if (ncol(probs) > 1) { # if assigning  ...
R/assign_fcbFlowFrame.R#L56   } else {# if assigning only one level ...
R/assign_fcbFlowFrame.R#L58   } ...
R/assign_fcbFlowFrame.R#L66   if (ncol(probs) > 1) { # if assigning  ...
R/assign_fcbFlowFrame.R#L68    # print(paste0(round(sum(apply(likely ...
R/assign_fcbFlowFrame.R#L72   } else { ...
R/assign_fcbFlowFrame.R#L75   } ...
R/assign_fcbFlowFrame.R#L76   if (length(channel) > 1) { ...
R/assign_fcbFlowFrame.R#L79       bc[['assignment']][['values']] <-  ...
R/assign_fcbFlowFrame.R#L80       bc[['assignment']][['ambiguity']]  ...
R/assign_fcbFlowFrame.R#L81       bc[['assignment']][['likelihood']] ...
R/assign_fcbFlowFrame.R#L82       return(bc) ...
R/assign_fcbFlowFrame.R#L87   } else { ...
R/assign_fcbFlowFrame.R#L89                                      lis ...
R/assign_fcbFlowFrame.R#L90                                          ...
R/assign_fcbFlowFrame.R#L91                                          ...
R/assign_fcbFlowFrame.R#L92   } ...
R/assign_fcbFlowFrame.R#L93   return(fcbFlowFrame) ...
R/assign_fcbFlowFrame.R#L106   row.sum <- rowSums(probs) ...
R/assign_fcbFlowFrame.R#L107   probs.norm.row <- probs / row.sum ...
R/assign_fcbFlowFrame.R#L108   return(probs.norm.row) ...
R/assign_fcbFlowFrame.R#L122   col.max <- matrixStats::colMaxs(probs) ...
R/assign_fcbFlowFrame.R#L123   probs.norm.col <- t(t(probs) / col.max ...
R/assign_fcbFlowFrame.R#L124   return(probs.norm.col) ...
R/assign_fcbFlowSet.R#L33   if (!inherits(fcbFlowSet, "fcbFlowSet" ...
R/assign_fcbFlowSet.R#L35   } ...
R/assign_fcbFlowSet.R#L37   fcbFlowSet.assigned <- fsApply(fcbFlow ...
R/assign_fcbFlowSet.R#L38                                  channel ...
R/assign_fcbFlowSet.R#L39                                  likelih ...
R/assign_fcbFlowSet.R#L40                                  ambigui ...
R/assign_fcbFlowSet.R#L42   return(fcbFlowSet(fcbFlowSet.assigned) ...
R/cluster_fcbFlowFrame.R#L15   classif <- unlist(lapply(vec, FUN = fu ...
R/cluster_fcbFlowFrame.R#L16   classif <- levels + 1 - classif ...
R/cluster_fcbFlowFrame.R#L17   classif[classif > levels] <- 0 ...
R/cluster_fcbFlowFrame.R#L19   vec.split <- split(vec, classif) ...
R/cluster_fcbFlowFrame.R#L21   hist.probs <- list() ...
R/cluster_fcbFlowFrame.R#L22   for (i in as.character(seq_len(max(as. ...
R/cluster_fcbFlowFrame.R#L30   } ...
R/cluster_fcbFlowFrame.R#L31   do.call(cbind, hist.probs) ...
R/cluster_fcbFlowFrame.R#L87                        channel, #channel ...
R/cluster_fcbFlowFrame.R#L88                        levels, #number o ...
R/cluster_fcbFlowFrame.R#L89                        opt = "mixture",  ...
R/cluster_fcbFlowFrame.R#L90                        dist = NULL, #for ...
R/cluster_fcbFlowFrame.R#L91                        subsample = 3e3, ...
R/cluster_fcbFlowFrame.R#L92                        trim = 0, ...
R/cluster_fcbFlowFrame.R#L93                        ret.model = TRUE, ...
R/cluster_fcbFlowFrame.R#L94                        manbreaks = NULL, ...
R/cluster_fcbFlowFrame.R#L95                        updateProgress =  ...
R/cluster_fcbFlowFrame.R#L98   assert_fcbFlowFrame(fcbFlowFrame, need ...
R/cluster_fcbFlowFrame.R#L100   # Resolve channel name against barcode ...
R/cluster_fcbFlowFrame.R#L101   channel <- resolve_channel(channel, na ...
R/cluster_fcbFlowFrame.R#L103   opt_selected <- match.arg(opt, c("mixt ...
R/cluster_fcbFlowFrame.R#L104   dist_selected <- match.arg(dist, c("No ...
R/cluster_fcbFlowFrame.R#L107   vec <- get_barcode_data(fcbFlowFrame,  ...
R/cluster_fcbFlowFrame.R#L109   quantiles <- quantile(vec, c(trim/2, 1 ...
R/cluster_fcbFlowFrame.R#L110   vec.trim <- vec[quantiles[1] < vec & q ...
R/cluster_fcbFlowFrame.R#L111   vecss <- sample(vec.trim, subsample, r ...
R/cluster_fcbFlowFrame.R#L113   if (opt_selected == "mixture") { ...
R/cluster_fcbFlowFrame.R#L116       #?classInt::classIntervals ...
R/cluster_fcbFlowFrame.R#L117       mod.int <- classInt::classInterval ...
R/cluster_fcbFlowFrame.R#L118       classif <- findInterval(vecss, mod ...
R/cluster_fcbFlowFrame.R#L119       classif <- levels + 1 - classif ...
R/cluster_fcbFlowFrame.R#L120       mu.i <- as.numeric(unlist(lapply(s ...
R/cluster_fcbFlowFrame.R#L123       updateProgress(detail = "Optimizin ...
R/cluster_fcbFlowFrame.R#L141       probs.scaled <- t(t(as.matrix(prob ...
R/cluster_fcbFlowFrame.R#L142       probs.scaled.df <- as.data.frame(t ...
R/cluster_fcbFlowFrame.R#L144       probs.scaled <- probs[,-1] ...
R/cluster_fcbFlowFrame.R#L145       probs.scaled.df <- as.data.frame(p ...
R/cluster_fcbFlowFrame.R#L148   } else if (opt_selected == "fisher") { ...
R/cluster_fcbFlowFrame.R#L152   } else if (opt_selected == "manual.bre ...
R/cluster_fcbFlowFrame.R#L156   } ...
R/cluster_fcbFlowFrame.R#L158   clustering_data <- list(probabilities  ...
R/cluster_fcbFlowFrame.R#L159   if (ret.model && opt == "mixture") clu ...
R/cluster_fcbFlowFrame.R#L160   else if (ret.model && opt == "fisher") ...
R/cluster_fcbFlowFrame.R#L162   fcbFlowFrame <- set_barcode_data(fcbFl ...
R/cluster_fcbFlowFrame.R#L163   return(fcbFlowFrame) ...
R/cluster_fcbFlowSet.R#L46                        channel, #channel ...
R/cluster_fcbFlowSet.R#L47                        levels, #number o ...
R/cluster_fcbFlowSet.R#L48                        opt = "mixture",  ...
R/cluster_fcbFlowSet.R#L49                        dist = NULL, #for ...
R/cluster_fcbFlowSet.R#L50                        subsample = 10e3, ...
R/cluster_fcbFlowSet.R#L51                        trim = 0, ...
R/cluster_fcbFlowSet.R#L52                        ret.model = TRUE, ...
R/cluster_fcbFlowSet.R#L53                        updateProgress =  ...
R/cluster_fcbFlowSet.R#L57   #validation of inputs ---------------- ...
R/cluster_fcbFlowSet.R#L58   if (!inherits(fcbFlowSet, "fcbFlowSet" ...
R/cluster_fcbFlowSet.R#L60   } ...
R/cluster_fcbFlowSet.R#L62   fcbFlowSet.clustered <- fsApply(fcbFlo ...
R/cluster_fcbFlowSet.R#L63                                  channel ...
R/cluster_fcbFlowSet.R#L64                                  levels  ...
R/cluster_fcbFlowSet.R#L65                                  opt = o ...
R/cluster_fcbFlowSet.R#L66                                  dist =  ...
R/cluster_fcbFlowSet.R#L67                                  subsamp ...
R/cluster_fcbFlowSet.R#L68                                  trim =  ...
R/cluster_fcbFlowSet.R#L69                                  ret.mod ...
R/cluster_fcbFlowSet.R#L70                                  updateP ...
R/cluster_fcbFlowSet.R#L72   return(fcbFlowSet(fcbFlowSet.clustered ...
R/deskew_fcbFlowFrame.R#L49   #validation of inputs ---------------- ...
R/deskew_fcbFlowFrame.R#L50   if (inherits(fcbFlowFrame, "cytoframe" ...
R/deskew_fcbFlowFrame.R#L52   } ...
R/deskew_fcbFlowFrame.R#L53   if (inherits(fcbFlowFrame, "fcbFlowFra ...
R/deskew_fcbFlowFrame.R#L55   } else if (inherits(fcbFlowFrame, "flo ...
R/deskew_fcbFlowFrame.R#L57   } else { ...
R/deskew_fcbFlowFrame.R#L59   } ...
R/deskew_fcbFlowFrame.R#L62   method_selected <- match.arg(method, c ...
R/deskew_fcbFlowFrame.R#L64   # Resolve channel and predictor names  ...
R/deskew_fcbFlowFrame.R#L65   valid_names <- colnames(fcbFlowFrame) ...
R/deskew_fcbFlowFrame.R#L66   channel <- resolve_channel(channel, va ...
R/deskew_fcbFlowFrame.R#L67   predictors <- resolve_channels(predict ...
R/deskew_fcbFlowFrame.R#L69   if (is.null(uptake)) { ...
R/deskew_fcbFlowFrame.R#L72       warning("Barcoded sample being use ...
R/deskew_fcbFlowFrame.R#L73               "`knijnenburg` method may  ...
R/deskew_fcbFlowFrame.R#L75   } ...
R/deskew_fcbFlowFrame.R#L78   # fcb sample extracted ...
R/deskew_fcbFlowFrame.R#L79   fcb <- as.data.frame(exprs(fcbFlowFram ...
R/deskew_fcbFlowFrame.R#L80   # uptake sample extracted ...
R/deskew_fcbFlowFrame.R#L81   uptake <- coerce_to_flowFrame(uptake,  ...
R/deskew_fcbFlowFrame.R#L82   uptake <- as.data.frame(exprs(uptake)) ...
R/deskew_fcbFlowFrame.R#L84   # earth model ...
R/deskew_fcbFlowFrame.R#L85   if (method_selected == "earth") { ...
R/deskew_fcbFlowFrame.R#L87       fcb = fcb, ...
R/deskew_fcbFlowFrame.R#L88       uptake = uptake, ...
R/deskew_fcbFlowFrame.R#L89       channel = channel, ...
R/deskew_fcbFlowFrame.R#L90       predictors = predictors, ...
R/deskew_fcbFlowFrame.R#L91       subsample = subsample, ...
R/deskew_fcbFlowFrame.R#L92       ret.model = ret.model, ...
R/deskew_fcbFlowFrame.R#L93       updateProgress = updateProgress, ...
R/deskew_fcbFlowFrame.R#L94       ... ...
R/deskew_fcbFlowFrame.R#L98   } else if (method_selected == "knijnen ...
R/deskew_fcbFlowFrame.R#L100       fcb = fcb, ...
R/deskew_fcbFlowFrame.R#L101       uptake = uptake, ...
R/deskew_fcbFlowFrame.R#L102       channel = channel, ...
R/deskew_fcbFlowFrame.R#L103       fsc_ssc = predictors, ...
R/deskew_fcbFlowFrame.R#L104       subsample = subsample, ...
R/deskew_fcbFlowFrame.R#L105       ret.model = ret.model, ...
R/deskew_fcbFlowFrame.R#L106       updateProgress = updateProgress ...
R/deskew_fcbFlowFrame.R#L110   }  else if (method_selected == "lm") { ...
R/deskew_fcbFlowFrame.R#L112       fcb = fcb, ...
R/deskew_fcbFlowFrame.R#L113       uptake = uptake, ...
R/deskew_fcbFlowFrame.R#L114       channel = channel, ...
R/deskew_fcbFlowFrame.R#L115       predictors = predictors, ...
R/deskew_fcbFlowFrame.R#L116       ret.model = ret.model, ...
R/deskew_fcbFlowFrame.R#L117       slope = 1, ...
R/deskew_fcbFlowFrame.R#L118       updateProgress = updateProgress ...
R/deskew_fcbFlowFrame.R#L120   } ...
R/deskew_fcbFlowFrame.R#L122   fcbFlowFrame <- set_barcode_data(fcbFl ...
R/deskew_fcbFlowFrame.R#L124   return(fcbFlowFrame) ...
R/deskew_fcbFlowSet.R#L49   #validation of inputs ---------------- ...
R/deskew_fcbFlowSet.R#L50   if (inherits(fcbFlowSet, "cytoset")) { ...
R/deskew_fcbFlowSet.R#L52       stop("Package 'flowWorkspace' is r ...
R/deskew_fcbFlowSet.R#L54   } ...
R/deskew_fcbFlowSet.R#L55   if (inherits(fcbFlowSet, "fcbFlowSet") ...
R/deskew_fcbFlowSet.R#L57   } else if (inherits(fcbFlowSet, "flowS ...
R/deskew_fcbFlowSet.R#L59   } else { ...
R/deskew_fcbFlowSet.R#L61   } ...
R/deskew_fcbFlowSet.R#L63   fcbFlowSet.deskewed <- fsApply(fcbFlow ...
R/deskew_fcbFlowSet.R#L64           uptake = uptake, channel = cha ...
R/deskew_fcbFlowSet.R#L65           method = method, ...
R/deskew_fcbFlowSet.R#L66           predictors = predictors, ...
R/deskew_fcbFlowSet.R#L67           subsample = subsample, ...
R/deskew_fcbFlowSet.R#L68           ret.model = ret.model, ...
R/deskew_fcbFlowSet.R#L69           verbose = verbose, ...
R/deskew_fcbFlowSet.R#L70           updateProgress = updateProgres ...
R/deskew_fcbFlowSet.R#L71           ...) ...
R/doRegressContrained.R#L25   #print(cofactor) ...
R/doRegressContrained.R#L27   #print('drc') ...
R/doRegressContrained.R#L28   single_level_bc <- as.data.frame(singl ...
R/doRegressContrained.R#L29   fcb_df <- as.data.frame(fcb_df) ...
R/doRegressContrained.R#L31   fsc <- fsc_ssc[1] ...
R/doRegressContrained.R#L32   ssc <- fsc_ssc[2] ...
R/doRegressContrained.R#L35   lo <- 1 #log offset ...
R/doRegressContrained.R#L37   fsc_limits <- c(min(single_level_bc[fs ...
R/doRegressContrained.R#L38   ssc_limits <- c(min(single_level_bc[ss ...
R/doRegressContrained.R#L39   data.corr.ls <- vector("list", length  ...
R/doRegressContrained.R#L41   for (n in seq_along(columns)){ ...
R/doRegressContrained.R#L45       D2 <- D ...
R/doRegressContrained.R#L47       D2 <- fcb_df[,ind] ...
R/doRegressContrained.R#L54               D <- D ...
R/doRegressContrained.R#L55               D2 <- D2 ...
R/doRegressContrained.R#L58               D <- cbind(D[1:2], log(D[3 ...
R/doRegressContrained.R#L59               D2 <- cbind(D2[1:2], log(D ...
R/doRegressContrained.R#L62               D <- cbind(D[1:2], asinh(D ...
R/doRegressContrained.R#L63               D2 <- cbind(D2[1:2], asinh ...
R/doRegressContrained.R#L87       con_reg <- constrained_regression( ...
R/doRegressContrained.R#L89       Bc <- con_reg[['Bc']] ...
R/doRegressContrained.R#L90       NOFFSET <- con_reg[['NOFFSET']] ...
R/doRegressContrained.R#L91       NB <- con_reg[['NB']] ...
R/doRegressContrained.R#L92       Nresidual <- Y - (X%*%Bc[1:8] + NO ...
R/doRegressContrained.R#L93       Nresidual2 <- Y2 - (X2%*%Bc[1:8] + ...
R/doRegressContrained.R#L96       NB <- Bx ...
R/doRegressContrained.R#L97       NOFFSET <- OFFSET ...
R/doRegressContrained.R#L98       Nresidual <- mod.resid ...
R/doRegressContrained.R#L108       XO[,4] <- XO[,4] + NB[i]*XO[,rm[1, ...
R/doRegressContrained.R#L114       data.corr <- exp(R2) - lo ...
R/doRegressContrained.R#L116       data.corr <- R2 ...
R/doRegressContrained.R#L118       data.corr <- sinh(R2)*cofactor ...
R/doRegressContrained.R#L124   } ...
R/doRegressContrained.R#L125   data.corr.df <- as.data.frame(data.cor ...
R/doRegressContrained.R#L126   colnames(data.corr.df) <- columns ...
R/doRegressContrained.R#L128   return(list(df = data.corr.df, coefs = ...
R/doRegressContrained.R#L155   rm <- matrix(nrow = nrow, ncol = ncol) ...
R/doRegressContrained.R#L156   rm[1,] <- vars ...
R/doRegressContrained.R#L157   rm[2,] <- powers ...
R/doRegressContrained.R#L159   return(rm) ...
R/doRegressContrained.R#L176   Y <- D[,3] ...
R/doRegressContrained.R#L177   D[,3] <- D[,1]*D[,2] ...
R/doRegressContrained.R#L178   X <- matrix(0, nrow = length(Y), ncol  ...
R/doRegressContrained.R#L180   for (m in seq_len(ncol(rm))){ ...
R/doRegressContrained.R#L182   } ...
R/doRegressContrained.R#L184   return(list('Y' = Y, 'D' = D, 'X' = X) ...
R/doRegressContrained.R#L207                                    OFFSE ...
R/doRegressContrained.R#L208   S <- 5 ...
R/doRegressContrained.R#L209   area <- 0.5 ...
R/doRegressContrained.R#L210   xlimr <- c(floor(min(fsc_limits)), cei ...
R/doRegressContrained.R#L211   ylimr <- c(floor(min(ssc_limits)), cei ...
R/doRegressContrained.R#L212   P <- MASS::kde2d(D[,1], D[,2], n=2^S,  ...
R/doRegressContrained.R#L213   XX <- matrix(rep(P[[1]],2^S), ncol = 2 ...
R/doRegressContrained.R#L214   YY <- matrix(rep(P[[2]],2^S), ncol = 2 ...
R/doRegressContrained.R#L215   PP <- P[[3]] ...
R/doRegressContrained.R#L216   PP <- PP/sum(PP) ...
R/doRegressContrained.R#L218   ft <- function(t) {abs(sum(PP[PP>t])-  ...
R/doRegressContrained.R#L219   tmin <- optimize(ft, c(0,max(PP)))$min ...
R/doRegressContrained.R#L221   ZZ= matrix(nrow=sum(PP>tmin), ncol=4) ...
R/doRegressContrained.R#L222   ZZ[,1] <- as.numeric(XX[PP>tmin]) ...
R/doRegressContrained.R#L223   ZZ[,2] <- as.numeric(YY[PP>tmin]) ...
R/doRegressContrained.R#L224   ZZ[,3] <- ZZ[,1]*ZZ[,2] ...
R/doRegressContrained.R#L225   ZZ[,4] <- OFFSET ...
R/doRegressContrained.R#L227   for (i in seq_len(ncol(rm))){ ...
R/doRegressContrained.R#L229   } ...
R/doRegressContrained.R#L231   dir1 <- lm(ZZ[,4] ~ ZZ[,1]) ...
R/doRegressContrained.R#L232   dir2 <- lm(ZZ[,4] ~ ZZ[,2]) ...
R/doRegressContrained.R#L234   if(is.null(monodir)){ ...
R/doRegressContrained.R#L236   } else { ...
R/doRegressContrained.R#L238   } ...
R/doRegressContrained.R#L240   #2. Select points to evaluate on monot ...
R/doRegressContrained.R#L241   S <- 3 ...
R/doRegressContrained.R#L242   P <- MASS::kde2d(D[,1], D[,2], n=2^S,  ...
R/doRegressContrained.R#L243   XX <- matrix(rep(P[[1]],2^S), ncol = 2 ...
R/doRegressContrained.R#L244   YY <- matrix(rep(P[[2]],2^S), ncol = 2 ...
R/doRegressContrained.R#L245   PP <- P[[3]] ...
R/doRegressContrained.R#L247   noc <- 2*(2^S-1)*2^S ...
R/doRegressContrained.R#L248   Q <- matrix(nrow=noc, ncol = 4) ...
R/doRegressContrained.R#L249   p <- 0 ...
R/doRegressContrained.R#L250   for (i in 1:2^S) { ...
R/doRegressContrained.R#L252       p <- p + 1 ...
R/doRegressContrained.R#L253       if (monodir[1] == 1) { ...
R/doRegressContrained.R#L255       } else { ...
R/doRegressContrained.R#L257       } ...
R/doRegressContrained.R#L259   } ...
R/doRegressContrained.R#L261   for (i in 1:2^S) { ...
R/doRegressContrained.R#L263       p <- p + 1 ...
R/doRegressContrained.R#L264       if (monodir[2] == 1) { ...
R/doRegressContrained.R#L266       } else { ...
R/doRegressContrained.R#L268       } ...
R/doRegressContrained.R#L270   } ...
R/doRegressContrained.R#L272   XX1 <- matrix(nrow = noc, ncol = 3) ...
R/doRegressContrained.R#L273   XX1[,1] <- as.numeric(Q[,1]) ...
R/doRegressContrained.R#L274   XX1[,2] <- as.numeric(Q[,2]) ...
R/doRegressContrained.R#L275   XX1[,3] <- XX1[,1]*XX1[,2] ...
R/doRegressContrained.R#L276   A1 <- matrix(nrow=noc, ncol = ncol(rm) ...
R/doRegressContrained.R#L277   for (m in seq_len(ncol(rm))) { ...
R/doRegressContrained.R#L279   } ...
R/doRegressContrained.R#L280   XX2 <- matrix(nrow = noc, ncol = 3) ...
R/doRegressContrained.R#L281   XX2[,1] <- as.numeric(Q[,3]) ...
R/doRegressContrained.R#L282   XX2[,2] <- as.numeric(Q[,4]) ...
R/doRegressContrained.R#L283   XX2[,3] <- XX2[,1]*XX2[,2] ...
R/doRegressContrained.R#L284   A2 <- matrix(nrow=noc, ncol = ncol(rm) ...
R/doRegressContrained.R#L285   for (m in seq_len(ncol(rm))) { ...
R/doRegressContrained.R#L287   } ...
R/doRegressContrained.R#L290   if (!is.null(val3)){ ...
R/doRegressContrained.R#L296       XBP[,1]<- XX[1, c(1, 2^S)] ...
R/doRegressContrained.R#L297       XBP[,2]<- YY[c(1, 2^S), 1] ...
R/doRegressContrained.R#L298       "FSC up, SSC up" ...
R/doRegressContrained.R#L300       XBP[,1]<- XX[1, c(2^S,1)] ...
R/doRegressContrained.R#L301       XBP[,2]<- YY[c(1, 2^S), 1] ...
R/doRegressContrained.R#L302       "FSC down, SSC up" ...
R/doRegressContrained.R#L304       XBP[,1]<- XX[1, c(1, 2^S)] ...
R/doRegressContrained.R#L305       XBP[,2]<- YY[c(2^S, 1), 1] ...
R/doRegressContrained.R#L306       "FSC up, SSC down" ...
R/doRegressContrained.R#L308       XBP[,1]<- XX[1, c(2^S, 1)] ...
R/doRegressContrained.R#L309       XBP[,2]<- YY[c(2^S, 1), 1] ...
R/doRegressContrained.R#L310       "FSC down, SSC down" ...
R/doRegressContrained.R#L316       AX[,m] <- XBP[,rm[1,m]]^rm[2,m] ...
R/doRegressContrained.R#L326   } else { ...
R/doRegressContrained.R#L329   } ...
R/doRegressContrained.R#L331   # #constrained regression analysis ...
R/doRegressContrained.R#L332   # if(FALSE) { ...
R/doRegressContrained.R#L333   #   ## This seems silly, but prcma is  ...
R/doRegressContrained.R#L334   #   ## but shiny wasn't recognizing th ...
R/doRegressContrained.R#L335   #   ## the package on the shinyapps.io ...
R/doRegressContrained.R#L336   #   ## This block of code shouldn't ru ...
R/doRegressContrained.R#L337   #   ## this is just the example code f ...
R/doRegressContrained.R#L338   # ...
R/doRegressContrained.R#L339   # } ...
R/doRegressContrained.R#L345   NB <- numeric(length = length(Bx)) ...
R/doRegressContrained.R#L346   Bc <- pracma::lsqlincon(cbind(X, 1),Y, ...
R/doRegressContrained.R#L347   NOFFSET <- Bc[9] ...
R/doRegressContrained.R#L348   NB <- Bc[seq_len(8)] ...
R/doRegressContrained.R#L351   return(list('NB' = NB, 'Bc' = Bc, 'NOF ...
R/em_optimize.R#L51   assert_fcbFlowFrame(fcbFlowFrame, need ...
R/em_optimize.R#L52   if (verbose) message("Initializing..." ...
R/em_optimize.R#L54   barcodes <- fcbFlowFrame@barcodes[!(na ...
R/em_optimize.R#L56   #assigned.ind <- which(!apply(bc_initi ...
R/em_optimize.R#L57   deskewed_cols <- as.data.frame(lapply( ...
R/em_optimize.R#L58   deskewed_models <- lapply(lapply(barco ...
R/em_optimize.R#L59   deskewed_probs  <- lapply(lapply(lappl ...
R/em_optimize.R#L60   # as_tibble(x = barcodes$pacific_blue$ ...
R/em_optimize.R#L61   #   bind_cols(as_tibble(barcodes$pacif ...
R/em_optimize.R#L62   #   sample_n(1e3) %>% ...
R/em_optimize.R#L63   #   gather(cat, prob, -value) %>% ...
R/em_optimize.R#L64   #   ggplot(aes(x=value, y = prob, col  ...
R/em_optimize.R#L65   #   geom_point() ...
R/em_optimize.R#L66   deskewed.dims <- lapply(deskewed_probs ...
R/em_optimize.R#L67   deskewed.dims.vec <- as.numeric(deskew ...
R/em_optimize.R#L68   deskewed.rep.mat <- kronecker(deskewed ...
R/em_optimize.R#L69   deskewed.rep.mat.each <- deskewed.rep. ...
R/em_optimize.R#L70   deskewed.rep.mat.times  <- deskewed.re ...
R/em_optimize.R#L71   deskewed.rep.mat.times[upper.tri(deske ...
R/em_optimize.R#L72   deskewed.rep.mat.each[lower.tri(deskew ...
R/em_optimize.R#L73   deskewed.reps <- split(cbind(apply(des ...
R/em_optimize.R#L74                                apply(des ...
R/em_optimize.R#L75                          seq(length(desk ...
R/em_optimize.R#L76   # deskewed.reps <- list() ...
R/em_optimize.R#L77   # for (i in seq(length(deskewed.dims.v ...
R/em_optimize.R#L78   #   deskewed.reps[[names(deskewed.dims ...
R/em_optimize.R#L79   #   deskewed.reps[[names(deskewed.dims ...
R/em_optimize.R#L80   # } ...
R/em_optimize.R#L81   # }) ...
R/em_optimize.R#L82   # ...
R/em_optimize.R#L84   deskewed_names_expanded <- ...
R/em_optimize.R#L86       t(rep(1, reps[[1]])) %x% mat %x% t ...
R/em_optimize.R#L90   deskewed_names_expanded$sep <- "." ...
R/em_optimize.R#L91   cl.names <- do.call(paste, deskewed_na ...
R/em_optimize.R#L92   deskewed_probs_expanded <- ...
R/em_optimize.R#L94       t(rep(1, reps[[1]])) %x% mat %x% t ...
R/em_optimize.R#L98   cl.mat <- do.call('*', deskewed_probs_ ...
R/em_optimize.R#L99   cl.mat <- cl.mat/rowSums(cl.mat) ...
R/em_optimize.R#L100   cl.mat[is.na(cl.mat)] <- 0 ...
R/em_optimize.R#L101   n <- round(nrow(deskewed_cols)*shrinka ...
R/em_optimize.R#L102   data.i <- deskewed_cols#[assigned.ind, ...
R/em_optimize.R#L103   # combn() ...
R/em_optimize.R#L104   # ...
R/em_optimize.R#L105   # #str((as.matrix(deskewed_probs$pacif ...
R/em_optimize.R#L106   # #x <- 1:9; names(x) <- x ...
R/em_optimize.R#L107   if (shrinkage > 0) { ...
R/em_optimize.R#L109       mixsmsn::rmix( ...
R/em_optimize.R#L115       ) ...
R/em_optimize.R#L122       rbind(cl.mat, shrinkage.cl.mat) ...
R/em_optimize.R#L123   } else { ...
R/em_optimize.R#L126   } ...
R/em_optimize.R#L134   for (i in seq(niter)) { ...
R/em_optimize.R#L138                    data = data.ii, ...
R/em_optimize.R#L139                    z = cl.mat) ...
R/em_optimize.R#L141                    data = deskewed_cols, ...
R/em_optimize.R#L142                    parameters = msEst$pa ...
R/em_optimize.R#L144   #  print(esEst$loglik) ...
R/em_optimize.R#L149       simdata <- mclust::sim(esEst$model ...
R/em_optimize.R#L150       colnames(simdata)[-1] <- colnames( ...
R/em_optimize.R#L151       data.ii <- rbind(deskewed_cols, si ...
R/em_optimize.R#L152       cl.mat <- rbind(cl.mat, unmap(simd ...
R/em_optimize.R#L154       data.ii <- deskewed_cols ...
R/em_optimize.R#L156   } ...
R/em_optimize.R#L157   if (verbose) message("Calculating prob ...
R/em_optimize.R#L159   mvgmm.cdens <- esEst$parameters$pro *  ...
R/em_optimize.R#L160   mvgmm.tdens <- dens(data = deskewed_co ...
R/em_optimize.R#L161   probs <- mvgmm.cdens/sum(mvgmm.tdens)  ...
R/em_optimize.R#L162   colnames(probs) <- cl.names ...
R/em_optimize.R#L163   # # Assignment------------------------ ...
R/em_optimize.R#L164   # cl <- apply(probs, 1, which.max) ...
R/em_optimize.R#L165   # cl <- cl.names[cl] ...
R/em_optimize.R#L166   # ...
R/em_optimize.R#L167   # probs.norm.row <- calculate.ambiguit ...
R/em_optimize.R#L168   # probs.norm.col <- calculate.likeliho ...
R/em_optimize.R#L169   # ...
R/em_optimize.R#L170   # non.ambigious <- apply(probs.norm.ro ...
R/em_optimize.R#L171   # cl[!non.ambigious] <- paste0(rep(0,  ...
R/em_optimize.R#L172   # likely <- apply(probs.norm.col > 1/l ...
R/em_optimize.R#L173   # cl[!likely] <- paste0(rep(0, ncol(de ...
R/em_optimize.R#L174  # new.assignments.l <- data.table::tstr ...
R/em_optimize.R#L185   # fcbFlowFrame@barcodes[['wells']][['a ...
R/em_optimize.R#L186   # fcbFlowFrame@barcodes[['wells']][['a ...
R/em_optimize.R#L187   # fcbFlowFrame@barcodes[['wells']][['a ...
R/em_optimize.R#L188   # ...
R/em_optimize.R#L189   # ...
R/em_optimize.R#L190   # Clustering-------------------------- ...
R/em_optimize.R#L191   fcbFlowFrame@barcodes[['wells']][['clu ...
R/em_optimize.R#L192   fcbFlowFrame@barcodes[['wells']][['clu ...
R/em_optimize.R#L193   fcbFlowFrame@barcodes[['wells']][['clu ...
R/em_optimize.R#L194   # fcbFlowFrame@barcodes[['wells']][['a ...
R/em_optimize.R#L195   if (verbose) message("Done!") ...
R/em_optimize.R#L197   return(fcbFlowFrame) ...
R/fcbFlowFrame.R#L16           contains = "flowFrame", ...
R/fcbFlowFrame.R#L17           slots = c(barcodes = "list") ...
R/fcbFlowFrame.R#L18          ) ...
R/fcbFlowFrame.R#L38   if (inherits(x, "cytoframe")) { ...
R/fcbFlowFrame.R#L40       stop("Package 'flowWorkspace' is r ...
R/fcbFlowFrame.R#L42   } ...
R/fcbFlowFrame.R#L43   if (!inherits(x, "flowFrame")) { ...
R/fcbFlowFrame.R#L45   } ...
R/fcbFlowFrame.R#L46   as(x, "fcbFlowFrame") ...
R/fcbFlowFrame.R#L64   n_cells <- nrow(object) ...
R/fcbFlowFrame.R#L65   n_channels <- ncol(object) ...
R/fcbFlowFrame.R#L66   cat(sprintf("fcbFlowFrame with %s cell ...
R/fcbFlowFrame.R#L67               format(n_cells, big.mark = ...
R/fcbFlowFrame.R#L69   bc <- object@barcodes ...
R/fcbFlowFrame.R#L70   if (length(bc) == 0) { ...
R/fcbFlowFrame.R#L72   } else { ...
R/fcbFlowFrame.R#L75       steps <- names(bc[[ch]]) ...
R/fcbFlowFrame.R#L76       state <- character(0) ...
R/fcbFlowFrame.R#L78       if ("deskewing" %in% steps) { ...
R/fcbFlowFrame.R#L80       } ...
R/fcbFlowFrame.R#L81       if ("clustering" %in% steps) { ...
R/fcbFlowFrame.R#L85       } ...
R/fcbFlowFrame.R#L86       if ("assignment" %in% steps) { ...
R/fcbFlowFrame.R#L88       } ...
R/fcbFlowFrame.R#L90       pipeline_str <- if (length(state)  ...
R/fcbFlowFrame.R#L91       cat(sprintf("  %s: %s\n", ch, pipe ...
R/fcbFlowFrame.R#L93   } ...
R/fcbFlowFrame.R#L94   invisible(object) ...
R/fcbFlowSet.R#L16                           contains = "fl ...
R/fcbFlowSet.R#L36   if (inherits(x, "cytoset")) { ...
R/fcbFlowSet.R#L38       stop("Package 'flowWorkspace' is r ...
R/fcbFlowSet.R#L40   } ...
R/fcbFlowSet.R#L41   if (!inherits(x, "flowSet")) { ...
R/fcbFlowSet.R#L43   } ...
R/fcbFlowSet.R#L44   as(x, "fcbFlowSet") ...
R/getAssignments.R#L37   getAssignments.ff <- function(x) { ...
R/getAssignments.R#L41   } ...
R/getAssignments.R#L42   if (inherits(x, "fcbFlowFrame")) { ...
R/getAssignments.R#L44   } else if (inherits(x, "fcbFlowSet"))  ...
R/getAssignments.R#L46   } ...
R/getAssignments.R#L47   if (!is.null(platemap)) { ...
R/getAssignments.R#L49   } ...
R/getAssignments.R#L51   if (simplify) { ...
R/getAssignments.R#L53   } ...
R/getAssignments.R#L55   assignments <- assignments[!names(assi ...
R/getAssignments.R#L56   return(assignments) ...
R/morphology_corr_earth.R#L24                                   uptake ...
R/morphology_corr_earth.R#L25                                   ret.mo ...
R/morphology_corr_earth.R#L26                                   what = ...
R/morphology_corr_earth.R#L27                                   nfold  ...
R/morphology_corr_earth.R#L28                                   ncross ...
R/morphology_corr_earth.R#L29                                   channe ...
R/morphology_corr_earth.R#L30                                   predic ...
R/morphology_corr_earth.R#L31                                   subsam ...
R/morphology_corr_earth.R#L32                                   update ...
R/morphology_corr_earth.R#L33                                   ...) { ...
R/morphology_corr_earth.R#L34   what <- match.arg(what, c("x", "x + se ...
R/morphology_corr_earth.R#L36   if (is.function(updateProgress)) { ...
R/morphology_corr_earth.R#L39   lhs <- paste0("`", predictors, "`", co ...
R/morphology_corr_earth.R#L40   earth.formula <- paste0("`", channel,  ...
R/morphology_corr_earth.R#L41   if(what == "x"){ ...
R/morphology_corr_earth.R#L43                          degree = 2, ...
R/morphology_corr_earth.R#L44                          nprune = 21, ...
R/morphology_corr_earth.R#L45                          nfold = nfold, ...
R/morphology_corr_earth.R#L46                          ncross = ncross ...
R/morphology_corr_earth.R#L47                          keepxy = TRUE, ...
R/morphology_corr_earth.R#L48                          data = uptake, ...
R/morphology_corr_earth.R#L49                          ...) ...
R/morphology_corr_earth.R#L52       updateProgress(detail = "Fitting f ...
R/morphology_corr_earth.R#L55   } else if(what == "x + se") { ...
R/morphology_corr_earth.R#L57                          degree = 2, ...
R/morphology_corr_earth.R#L58                          nprune = 21, ...
R/morphology_corr_earth.R#L59                          nfold = nfold, ...
R/morphology_corr_earth.R#L60                          ncross = ncross ...
R/morphology_corr_earth.R#L61                          keepxy = TRUE, ...
R/morphology_corr_earth.R#L62                          varmod.method = ...
R/morphology_corr_earth.R#L63                          data = uptake, ...
R/morphology_corr_earth.R#L64                          trace = 0.3) ...
R/morphology_corr_earth.R#L68   } ...
R/morphology_corr_earth.R#L70   if(ret.model == FALSE){ ...
R/morphology_corr_earth.R#L72   } else{ ...
R/morphology_corr_earth.R#L75   } ...
R/morphology_corr_knignenburg.R#L24   if (is.function(updateProgress)) { ...
R/morphology_corr_knignenburg.R#L26   } ...
R/morphology_corr_knignenburg.R#L28   area_density <- selectDenseScatterArea ...
R/morphology_corr_knignenburg.R#L29                                          ...
R/morphology_corr_knignenburg.R#L30                                          ...
R/morphology_corr_knignenburg.R#L33   if (is.function(updateProgress)) { ...
R/morphology_corr_knignenburg.R#L35   } ...
R/morphology_corr_knignenburg.R#L36   regression.output <- doRegressConstrai ...
R/morphology_corr_knignenburg.R#L45   ) ...
R/morphology_corr_knignenburg.R#L46   cor.data <- regression.output[[1]] ...
R/morphology_corr_knignenburg.R#L47   fcb[, channel] <- cor.data[, channel] ...
R/morphology_corr_knignenburg.R#L49   if (ret.model == FALSE) { ...
R/morphology_corr_knignenburg.R#L51   } else{ ...
R/morphology_corr_knignenburg.R#L54   } ...
R/morphology_corr_lm.R#L18                                uptake, ...
R/morphology_corr_lm.R#L19                                channel, ...
R/morphology_corr_lm.R#L20                                predictor ...
R/morphology_corr_lm.R#L21                                subsample ...
R/morphology_corr_lm.R#L22                                slope = 1 ...
R/morphology_corr_lm.R#L23                                updatePro ...
R/morphology_corr_lm.R#L24                                ret.model ...
R/morphology_corr_lm.R#L26   if(length(predictors) != 1){ ...
R/morphology_corr_lm.R#L29   if(is.null(slope)){ ...
R/morphology_corr_lm.R#L31   } else { ...
R/morphology_corr_lm.R#L36   } ...
R/morphology_corr_lm.R#L37   lm.model <- lm(lm.formula, data = upta ...
R/morphology_corr_lm.R#L38   fcb[,channel]<- fcb[,channel] - predic ...
R/morphology_corr_lm.R#L40   if(ret.model == FALSE){ ...
R/morphology_corr_lm.R#L42   } else{ ...
R/morphology_corr_lm.R#L45   } ...
R/morphology_corr_master.R#L34   #validation of inputs ---------------- ...
R/morphology_corr_master.R#L35   method_selected <- match.arg(method, c ...
R/morphology_corr_master.R#L37   if (is.null(uptake)) { ...
R/morphology_corr_master.R#L41   } ...
R/morphology_corr_master.R#L43   # if (apply_scales == TRUE) { ...
R/morphology_corr_master.R#L44   #   fcb <- apply_scales(fcb, exp_info) ...
R/morphology_corr_master.R#L45   #   uptake <- apply_scales(uptake, exp ...
R/morphology_corr_master.R#L46   # } else if (apply_scales == FALSE){ ...
R/morphology_corr_master.R#L47   #   fcb <- fcb ...
R/morphology_corr_master.R#L48   #   uptake <- uptake ...
R/morphology_corr_master.R#L49   # } else{ ...
R/morphology_corr_master.R#L50   #   stop("apply_scales was not TRUE/FA ...
R/morphology_corr_master.R#L51   # } ...
R/morphology_corr_master.R#L54   if(method_selected == "earth") { ...
R/morphology_corr_master.R#L56       fcb = fcb, ...
R/morphology_corr_master.R#L57       uptake = uptake, ...
R/morphology_corr_master.R#L58       channel = channel, ...
R/morphology_corr_master.R#L59       predictors = predictors, ...
R/morphology_corr_master.R#L60       subsample = subsample, ...
R/morphology_corr_master.R#L61       ret.model = ret.model, ...
R/morphology_corr_master.R#L62       updateProgress = updateProgress, ...
R/morphology_corr_master.R#L63       ... ...
R/morphology_corr_master.R#L66   } else if(method_selected == "knijnenb ...
R/morphology_corr_master.R#L68       fcb = fcb, ...
R/morphology_corr_master.R#L69       uptake = uptake, ...
R/morphology_corr_master.R#L70       channel = channel, ...
R/morphology_corr_master.R#L71       fsc_ssc = predictors, ...
R/morphology_corr_master.R#L72       subsample = subsample, ...
R/morphology_corr_master.R#L73       ret.model = ret.model, ...
R/morphology_corr_master.R#L74       updateProgress = updateProgress, ...
R/morphology_corr_master.R#L75       ... ...
R/morphology_corr_master.R#L79   }  else if(method_selected == "lm") { ...
R/morphology_corr_master.R#L81       fcb = fcb, ...
R/morphology_corr_master.R#L82       uptake = uptake, ...
R/morphology_corr_master.R#L83       channel = channel, ...
R/morphology_corr_master.R#L84       predictors = predictors, ...
R/morphology_corr_master.R#L85       slope = 1, ...
R/morphology_corr_master.R#L86       ret.model = ret.model, ...
R/morphology_corr_master.R#L87       updateProgress = updateProgress, ...
R/morphology_corr_master.R#L88       ... ...
R/morphology_corr_master.R#L91   } ...
R/morphology_corr_master.R#L93   if(ret.model == TRUE) { ...
R/morphology_corr_master.R#L97    # print(str(fcb.mod)) ...
R/morphology_corr_master.R#L99   } ...
R/morphology_corr_master.R#L101   # if (apply_scales == TRUE) { ...
R/morphology_corr_master.R#L102   #   fcb3 <- apply_scales(fcb2, exp_inf ...
R/morphology_corr_master.R#L103   # } else{ ...
R/morphology_corr_master.R#L104      fcb3 <- fcb2 ...
R/morphology_corr_master.R#L105   # ...
R/morphology_corr_master.R#L106   # } ...
R/morphology_corr_master.R#L107   #print(str(fcb3)) ...
R/morphology_corr_master.R#L108   if(ret.model == TRUE){ ...
R/morphology_corr_master.R#L109    # print(99) ...
R/morphology_corr_master.R#L112   } else{ ...
R/morphology_corr_master.R#L114   } ...
R/plot-fcbFlowFrame-assignments.R#L33   fcbFlowFrame <- x ...
R/plot-fcbFlowFrame-assignments.R#L35   if (!inherits(fcbFlowFrame, "fcbFlowFr ...
R/plot-fcbFlowFrame-assignments.R#L37   } ...
R/plot-fcbFlowFrame-assignments.R#L38   barcodes <- fcbFlowFrame@barcodes[!(na ...
R/plot-fcbFlowFrame-assignments.R#L39   deskewed <- as.data.frame(lapply(barco ...
R/plot-fcbFlowFrame-assignments.R#L40   assignment <- as.data.frame(lapply(bar ...
R/plot-fcbFlowFrame-assignments.R#L41   assignment <- apply(assignment, 1, pas ...
R/plot-fcbFlowFrame-assignments.R#L42   assignment[grepl(0, assignment)] <- "0 ...
R/plot-fcbFlowFrame-assignments.R#L43   assignment[grepl("0", assignment)] <-  ...
R/plot-fcbFlowFrame-assignments.R#L44   mypal <- hue_pal()(length(table(assign ...
R/plot-fcbFlowFrame-assignments.R#L45   mypal <- c("grey50", mypal) ...
R/plot-fcbFlowFrame-assignments.R#L46   mydata <- cbind(deskewed, assignment = ...
R/plot-fcbFlowFrame-assignments.R#L47   mydata.assigned <- mydata[mydata$assig ...
R/plot-fcbFlowFrame-assignments.R#L49   y_var <- colnames(deskewed)[1] ...
R/plot-fcbFlowFrame-assignments.R#L50   x_var <- colnames(deskewed)[2] ...
R/plot-fcbFlowFrame-assignments.R#L52   if (plot == 'data') { ...
R/plot-fcbFlowFrame-assignments.R#L54   } ...
R/plot-fcbFlowFrame-assignments.R#L55   if (plot == "assignments") { ...
R/plot-fcbFlowFrame-assignments.R#L58       aes( ...
R/plot-fcbFlowFrame-assignments.R#L62       ) ...
R/plot-fcbFlowFrame-assignments.R#L64       geom_point(shape = ".") + ...
R/plot-fcbFlowFrame-assignments.R#L65       scale_color_manual(values = mypal) ...
R/plot-fcbFlowFrame-assignments.R#L66   } else if (plot == 'density') { ...
R/plot-fcbFlowFrame-assignments.R#L68       mydata, ...
R/plot-fcbFlowFrame-assignments.R#L69       aes( ...
R/plot-fcbFlowFrame-assignments.R#L72       ) ...
R/plot-fcbFlowFrame-assignments.R#L74       geom_point(shape = ".", color = "g ...
R/plot-fcbFlowFrame-assignments.R#L75       stat_density_2d(aes(fill = .data[[ ...
R/plot-fcbFlowFrame-assignments.R#L76                       data = mydata.assi ...
R/plot-fcbFlowFrame-assignments.R#L77                       geom = "polygon",  ...
R/plot-fcbFlowFrame-assignments.R#L78       scale_fill_manual(values = mypal[- ...
R/plot-fcbFlowFrame-assignments.R#L80   } else if (plot == 'chull') { ...
R/plot-fcbFlowFrame-assignments.R#L82       dplyr::group_by(.data[["assignment ...
R/plot-fcbFlowFrame-assignments.R#L83       dplyr::slice(chull(.data[[y_var]], ...
R/plot-fcbFlowFrame-assignments.R#L86       mydata, ...
R/plot-fcbFlowFrame-assignments.R#L87       aes( ...
R/plot-fcbFlowFrame-assignments.R#L90       ) ...
R/plot-fcbFlowFrame-assignments.R#L93       geom_shape(data = mydata.chull, ae ...
R/plot-fcbFlowFrame-assignments.R#L94                  expand = unit(0.25, "mm ...
R/plot-fcbFlowFrame-assignments.R#L95                  radius = unit(1, 'mm'), ...
R/plot-fcbFlowFrame-assignments.R#L96       scale_fill_manual(values = mypal[- ...
R/plot-fcbFlowFrame-assignments.R#L97   } ...
R/plot-fcbFlowFrame-assignments.R#L99   return(myplot) ...
R/plot-fcbFlowFrame-assignments.R#L100   } ...
R/selectDenseScatterArea.R#L17   data <- as.data.frame(data) ...
R/selectDenseScatterArea.R#L18   fsc <- fsc_ssc[1] ...
R/selectDenseScatterArea.R#L19   ssc <- fsc_ssc[2] ...
R/selectDenseScatterArea.R#L20   if(!is.null(subsample) & (nrow(data) > ...
R/selectDenseScatterArea.R#L22   } ...
R/selectDenseScatterArea.R#L24   fsc_limits <- c(min(data[,fsc]), max(d ...
R/selectDenseScatterArea.R#L25   ssc_limits <- c(min(data[,ssc]), max(d ...
R/selectDenseScatterArea.R#L27   S <- 8 ...
R/selectDenseScatterArea.R#L28   area <- 0.95 ...
R/selectDenseScatterArea.R#L29   FGA <- matrix(0, 2^S, 2^S) ...
R/selectDenseScatterArea.R#L30   AP <- matrix(1, 2^S, 2^S) ...
R/selectDenseScatterArea.R#L31   #print("31") ...
R/selectDenseScatterArea.R#L32   N <- nrow(data) ...
R/selectDenseScatterArea.R#L33   #as.data.frame(uptake[,'fsc_a']) ...
R/selectDenseScatterArea.R#L35   P <- MASS::kde2d(data[,fsc], ...
R/selectDenseScatterArea.R#L36                    data[,ssc], ...
R/selectDenseScatterArea.R#L37                    n = 2^S, lims = c(fsc ...
R/selectDenseScatterArea.R#L38   x_d <- matrix(rep(P[[1]],2^S), ncol =  ...
R/selectDenseScatterArea.R#L39   y_d <- matrix(rep(P[[2]],2^S), ncol =  ...
R/selectDenseScatterArea.R#L40   z_d <- P[[3]] ...
R/selectDenseScatterArea.R#L41   z_d <- z_d/sum(z_d) ...
R/selectDenseScatterArea.R#L42   ft <- function(x) abs(sum(z_d[z_d>x])- ...
R/selectDenseScatterArea.R#L43   tmin <- optimize(ft, c(0,1e-4), tol =  ...
R/selectDenseScatterArea.R#L44   AP <- AP*(z_d<tmin) ...
R/selectDenseScatterArea.R#L45   FGA <- FGA + z_d ...
R/selectDenseScatterArea.R#L46   Y1 <- x_d[!AP] ...
R/selectDenseScatterArea.R#L47   Y2 <- y_d[!AP] ...
R/selectDenseScatterArea.R#L48   Loc <- cbind(Y1, Y2) ...
R/selectDenseScatterArea.R#L49   c <- FGA[!AP] ...
R/selectDenseScatterArea.R#L51   return(list("loc" = Loc , "c" = c)) ...
R/split_fcbFlowFrame.R#L13   f.df <- as.data.frame(f) ...
R/split_fcbFlowFrame.R#L14   ##FIX ME: add check to make sure none  ...
R/split_fcbFlowFrame.R#L15   f.collapsed <- as.factor(apply(f.df, 1 ...
R/split_fcbFlowFrame.R#L16   x.split <- split(x, as.factor(f.collap ...
R/split_fcbFlowFrame.R#L17   if (flowSet) { ...
R/split_fcbFlowFrame.R#L24   } ...
R/split_fcbFlowFrame.R#L25   return(fcbFlowSet(x.split)) ...
R/split_fcbFlowFrame.R#L65           signature = c(x = "fcbFlowFram ...
R/split_fcbFlowFrame.R#L67           definition = function(x, ...
R/split_fcbFlowFrame.R#L75           } ...
R/split_fcbFlowFrame.R#L95           signature = c(x = "fcbFlowSet" ...
R/split_fcbFlowFrame.R#L97           definition = function(x, ...
R/split_fcbFlowFrame.R#L107               f0 <- f[["0"]] ...
R/split_fcbFlowFrame.R#L108               f[["0"]] <- lapply(f0, fun ...
R/split_fcbFlowFrame.R#L117               x.split <- flowSet(x.split ...
R/split_fcbFlowFrame.R#L118               #update pData with barcodi ...
R/split_fcbFlowFrame.R#L119               pData.orig <- pData(x.spli ...
R/split_fcbFlowFrame.R#L120               pData.new <- as.data.frame ...
R/split_fcbFlowFrame.R#L121               colnames(pData.new) <- c(" ...
R/split_fcbFlowFrame.R#L122               pData.new <- left_join(pDa ...
R/split_fcbFlowFrame.R#L123               rownames(pData.new) <- row ...
R/split_fcbFlowFrame.R#L124               pData.new$name <- rownames ...
R/split_fcbFlowFrame.R#L125               pData(x.split) <- pData.ne ...
R/split_fcbFlowFrame.R#L128           } ...
R/split_fcbFlowFrame.R#L147           signature = c(x = "flowFrame", ...
R/split_fcbFlowFrame.R#L149           definition = function(x, ...
R/split_fcbFlowFrame.R#L157           } ...
R/utils-barcode-slots.R#L26   bc <- fcbFF@barcodes[[channel]] ...
R/utils-barcode-slots.R#L27   if (is.null(bc)) { ...
R/utils-barcode-slots.R#L29       "Channel '", channel, "' not found ...
R/utils-barcode-slots.R#L30       "Available: ", paste(names(fcbFF@b ...
R/utils-barcode-slots.R#L31       call. = FALSE ...
R/utils-barcode-slots.R#L33   } ...
R/utils-barcode-slots.R#L34   data <- bc[[step]] ...
R/utils-barcode-slots.R#L35   if (!is.null(field)) data <- data[[fie ...
R/utils-barcode-slots.R#L36   data ...
R/utils-barcode-slots.R#L51   if (is.null(fcbFF@barcodes[[channel]]) ...
R/utils-barcode-slots.R#L53   } ...
R/utils-barcode-slots.R#L54   fcbFF@barcodes[[channel]][[step]] <- d ...
R/utils-barcode-slots.R#L55   fcbFF ...
R/utils-validation.R#L14   if (name %in% valid_names) return(name ...
R/utils-validation.R#L16   # Try matching as a cleaned name ...
R/utils-validation.R#L17   cleaned <- janitor::make_clean_names(v ...
R/utils-validation.R#L18   match_idx <- match(name, cleaned) ...
R/utils-validation.R#L19   if (!is.na(match_idx)) { ...
R/utils-validation.R#L22       "Cleaned channel name '", name, "' ...
R/utils-validation.R#L23       "Use original column names directl ...
R/utils-validation.R#L24       call. = FALSE ...
R/utils-validation.R#L27   } ...
R/utils-validation.R#L29   stop( ...
R/utils-validation.R#L33   ) ...
R/utils-validation.R#L43   vapply(names, resolve_channel, charact ...
R/utils-validation.R#L44          USE.NAMES = FALSE) ...
R/utils-validation.R#L61   if (!inherits(x, "fcbFlowFrame")) { ...
R/utils-validation.R#L63   } ...
R/utils-validation.R#L64   if (!is.null(needs)) { ...
R/utils-validation.R#L66       stop( ...
R/utils-validation.R#L70       ) ...
R/utils-validation.R#L73       step_present <- vapply( ...
R/utils-validation.R#L77       ) ...
R/utils-validation.R#L78       if (!any(step_present)) { ...
R/utils-validation.R#L80           arg_name, " must have at least ...
R/utils-validation.R#L81           "' completed. Available channe ...
R/utils-validation.R#L82           paste(names(x@barcodes), colla ...
R/utils-validation.R#L83           call. = FALSE ...
R/utils-validation.R#L85       } ...
R/utils-validation.R#L87   } ...
R/utils-validation.R#L88   invisible(x) ...
R/utils-validation.R#L103   if (inherits(x, "cytoframe")) { ...
R/utils-validation.R#L105       stop( ...
R/utils-validation.R#L108       ) ...
R/utils-validation.R#L111   } ...
R/utils-validation.R#L112   if (inherits(x, "flowFrame")) { ...
R/utils-validation.R#L114   } ...
R/utils-validation.R#L115   stop( ...
R/utils-validation.R#L118   ) ...
vignettes/debarcoder-tutorial.Rmd#L14   collapse = TRUE, ...
vignettes/debarcoder-tutorial.Rmd#L15   comment  = "#>" ...
vignettes/debarcoder-tutorial.Rmd#L30    morphology channels (FSC, SSC) and op ...
vignettes/debarcoder-tutorial.Rmd#L32    barcoding level using a Gaussian mixt ...
vignettes/debarcoder-tutorial.Rmd#L34    ambiguity cutoffs ...
vignettes/debarcoder-tutorial.Rmd#L36    GMM that accounts for correlations be ...
vignettes/debarcoder-tutorial.Rmd#L81   geom_bin2d(bins = 150) + ...
vignettes/debarcoder-tutorial.Rmd#L82   scale_fill_viridis_c(option = "A", tra ...
vignettes/debarcoder-tutorial.Rmd#L83   labs(x = "Pacific Blue-A", y = "Pacifi ...
vignettes/debarcoder-tutorial.Rmd#L84        title = "Raw barcoding channels:  ...
vignettes/debarcoder-tutorial.Rmd#L85   coord_fixed() + ...
vignettes/debarcoder-tutorial.Rmd#L86   theme_classic() ...
vignettes/debarcoder-tutorial.Rmd#L118                            uptake     =  ...
vignettes/debarcoder-tutorial.Rmd#L119                            channel    =  ...
vignettes/debarcoder-tutorial.Rmd#L120                            predictors =  ...
vignettes/debarcoder-tutorial.Rmd#L123                            uptake     =  ...
vignettes/debarcoder-tutorial.Rmd#L124                            channel    =  ...
vignettes/debarcoder-tutorial.Rmd#L125                            predictors =  ...
vignettes/debarcoder-tutorial.Rmd#L137   data.frame(step = "Before deskewing",  ...
vignettes/debarcoder-tutorial.Rmd#L138   data.frame(step = "After deskewing",   ...
vignettes/debarcoder-tutorial.Rmd#L143   geom_histogram(bins = 150, fill = "ste ...
vignettes/debarcoder-tutorial.Rmd#L144   facet_wrap(~step, nrow = 1) + ...
vignettes/debarcoder-tutorial.Rmd#L145   labs(x = "Pacific Blue-A", y = "Cell c ...
vignettes/debarcoder-tutorial.Rmd#L146        title = "Deskewing sharpens level ...
vignettes/debarcoder-tutorial.Rmd#L147   theme_classic() ...
vignettes/debarcoder-tutorial.Rmd#L174   geom_histogram(bins = 150, position =  ...
vignettes/debarcoder-tutorial.Rmd#L175   scale_fill_brewer(palette = "RdYlBu",  ...
vignettes/debarcoder-tutorial.Rmd#L177   labs(x = "Pacific Blue-A (deskewed)",  ...
vignettes/debarcoder-tutorial.Rmd#L178        title = "Clustering: 8 levels ide ...
vignettes/debarcoder-tutorial.Rmd#L179   theme_classic() ...
vignettes/debarcoder-tutorial.Rmd#L201   1/*k* as probable as the most likely c ...
vignettes/debarcoder-tutorial.Rmd#L203   chance of originating from any other p ...
vignettes/debarcoder-tutorial.Rmd#L209                            channel       ...
vignettes/debarcoder-tutorial.Rmd#L210                            likelihoodcut ...
vignettes/debarcoder-tutorial.Rmd#L211                            ambiguitycut  ...
vignettes/debarcoder-tutorial.Rmd#L224   pb   = deskewed_pb[assigned], ...
vignettes/debarcoder-tutorial.Rmd#L225   po   = deskewed_po[assigned], ...
vignettes/debarcoder-tutorial.Rmd#L226   well = well_id[assigned] ...
vignettes/debarcoder-tutorial.Rmd#L231   geom_point(size = 0.15, alpha = 0.4) + ...
vignettes/debarcoder-tutorial.Rmd#L232   scale_color_manual(values = hue_pal()( ...
vignettes/debarcoder-tutorial.Rmd#L233   labs(x = "Pacific Blue-A (deskewed)",  ...
vignettes/debarcoder-tutorial.Rmd#L234        title = "Final assignments: 48 sa ...
vignettes/debarcoder-tutorial.Rmd#L235   coord_fixed() + ...
vignettes/debarcoder-tutorial.Rmd#L236   theme_classic() ...
vignettes/debarcoder-tutorial.Rmd#L257   pacific_blue_a   = as.character(rep(se ...
vignettes/debarcoder-tutorial.Rmd#L258   pacific_orange_a = as.character(rep(se ...
vignettes/debarcoder-tutorial.Rmd#L259   well             = paste0(rep(LETTERS[ ...
vignettes/debarcoder-tutorial.Rmd#L282   fluorescent cell barcoding.* Cytometry ...
vignettes/debarcoder-tutorial.Rmd#L283   [doi:10.1002/cyto.a.24363](https://doi ...
vignettes/debarcoder-tutorial.Rmd#L285   allows high-throughput drug screening  ...
vignettes/debarcoder-tutorial.Rmd#L286   Nature Methods. ...
Checking if package already exists in CRAN... OK
Checking for bioc-devel mailing list subscription...
Cannot determine whether maintainer is subscribed to the Bioc-Devel mailing list (requires admin credentials). Subscribe here: https://stat.ethz.ch/mailman/listinfo/bioc-devel
Checking for support site registration...
Unable to find your email in the Support Site:
  HTTP 404 Not Found.
